// Jest Snapshot v1, https://goo.gl/fbAQLP

exports[`UrlImage component render default 1`] = `
<Image
  image={null}
/>
`;
