// Jest Snapshot v1, https://goo.gl/fbAQLP

exports[`Preview component renders correctly 1`] = `""`;
